---
source: logic/src/id/test.rs
expression: tagged

---
Ast {
    nodes: [
        For(
            ForLoop {
                var: Tagged {
                    token: Ident {
                        inner: "i",
                        span: Span {
                            start: Position {
                                column: 4,
                                line: 0,
                                index: 4,
                            },
                            stop: Position {
                                column: 5,
                                line: 0,
                                index: 5,
                            },
                        },
                    },
                    id: Id {
                        inner: 0,
                    },
                },
                between: Between {
                    start: Tagged {
                        token: Ident(
                            Tagged {
                                token: Ident {
                                    inner: "A",
                                    span: Span {
                                        start: Position {
                                            column: 8,
                                            line: 0,
                                            index: 8,
                                        },
                                        stop: Position {
                                            column: 9,
                                            line: 0,
                                            index: 9,
                                        },
                                    },
                                },
                                id: Id {
                                    inner: 1,
                                },
                            },
                        ),
                        id: Id {
                            inner: 2,
                        },
                    },
                    stop: Tagged {
                        token: Ident(
                            Tagged {
                                token: Ident {
                                    inner: "B",
                                    span: Span {
                                        start: Position {
                                            column: 13,
                                            line: 0,
                                            index: 13,
                                        },
                                        stop: Position {
                                            column: 14,
                                            line: 0,
                                            index: 14,
                                        },
                                    },
                                },
                                id: Id {
                                    inner: 3,
                                },
                            },
                        ),
                        id: Id {
                            inner: 4,
                        },
                    },
                    step: Some(
                        Tagged {
                            token: Ident(
                                Tagged {
                                    token: Ident {
                                        inner: "C",
                                        span: Span {
                                            start: Position {
                                                column: 20,
                                                line: 0,
                                                index: 20,
                                            },
                                            stop: Position {
                                                column: 21,
                                                line: 0,
                                                index: 21,
                                            },
                                        },
                                    },
                                    id: Id {
                                        inner: 5,
                                    },
                                },
                            ),
                            id: Id {
                                inner: 6,
                            },
                        },
                    ),
                    _i: PhantomData,
                },
                block: Block {
                    inner: Ast {
                        nodes: [
                            Expr(
                                Tagged {
                                    token: BinOp(
                                        Spanned {
                                            span: Span {
                                                start: Position {
                                                    column: 4,
                                                    line: 1,
                                                    index: 26,
                                                },
                                                stop: Position {
                                                    column: 5,
                                                    line: 1,
                                                    index: 27,
                                                },
                                            },
                                            token: Add,
                                        },
                                        Tagged {
                                            token: Ident(
                                                Tagged {
                                                    token: Ident {
                                                        inner: "x",
                                                        span: Span {
                                                            start: Position {
                                                                column: 2,
                                                                line: 1,
                                                                index: 24,
                                                            },
                                                            stop: Position {
                                                                column: 3,
                                                                line: 1,
                                                                index: 25,
                                                            },
                                                        },
                                                    },
                                                    id: Id {
                                                        inner: 7,
                                                    },
                                                },
                                            ),
                                            id: Id {
                                                inner: 8,
                                            },
                                        },
                                        Tagged {
                                            token: Literal(
                                                Spanned {
                                                    span: Span {
                                                        start: Position {
                                                            column: 6,
                                                            line: 1,
                                                            index: 28,
                                                        },
                                                        stop: Position {
                                                            column: 7,
                                                            line: 1,
                                                            index: 29,
                                                        },
                                                    },
                                                    token: Number(
                                                        Number {
                                                            int: "1",
                                                            float: None,
                                                            exp: None,
                                                        },
                                                    ),
                                                },
                                            ),
                                            id: Id {
                                                inner: 9,
                                            },
                                        },
                                    ),
                                    id: Id {
                                        inner: 10,
                                    },
                                },
                            ),
                        ],
                        indent: 2,
                    },
                },
                indent: 0,
                span: Span {
                    start: Position {
                        column: 0,
                        line: 0,
                        index: 0,
                    },
                    stop: Position {
                        column: 6,
                        line: 2,
                        index: 36,
                    },
                },
            },
        ),
        While(
            While {
                condition: Tagged {
                    token: Literal(
                        Spanned {
                            span: Span {
                                start: Position {
                                    column: 6,
                                    line: 4,
                                    index: 44,
                                },
                                stop: Position {
                                    column: 10,
                                    line: 4,
                                    index: 48,
                                },
                            },
                            token: Bool(
                                true,
                            ),
                        },
                    ),
                    id: Id {
                        inner: 11,
                    },
                },
                block: Block {
                    inner: Ast {
                        nodes: [
                            Expr(
                                Tagged {
                                    token: BinOp(
                                        Spanned {
                                            span: Span {
                                                start: Position {
                                                    column: 4,
                                                    line: 5,
                                                    index: 53,
                                                },
                                                stop: Position {
                                                    column: 5,
                                                    line: 5,
                                                    index: 54,
                                                },
                                            },
                                            token: Add,
                                        },
                                        Tagged {
                                            token: Ident(
                                                Tagged {
                                                    token: Ident {
                                                        inner: "x",
                                                        span: Span {
                                                            start: Position {
                                                                column: 2,
                                                                line: 5,
                                                                index: 51,
                                                            },
                                                            stop: Position {
                                                                column: 3,
                                                                line: 5,
                                                                index: 52,
                                                            },
                                                        },
                                                    },
                                                    id: Id {
                                                        inner: 7,
                                                    },
                                                },
                                            ),
                                            id: Id {
                                                inner: 12,
                                            },
                                        },
                                        Tagged {
                                            token: Literal(
                                                Spanned {
                                                    span: Span {
                                                        start: Position {
                                                            column: 6,
                                                            line: 5,
                                                            index: 55,
                                                        },
                                                        stop: Position {
                                                            column: 7,
                                                            line: 5,
                                                            index: 56,
                                                        },
                                                    },
                                                    token: Number(
                                                        Number {
                                                            int: "1",
                                                            float: None,
                                                            exp: None,
                                                        },
                                                    ),
                                                },
                                            ),
                                            id: Id {
                                                inner: 13,
                                            },
                                        },
                                    ),
                                    id: Id {
                                        inner: 14,
                                    },
                                },
                            ),
                        ],
                        indent: 2,
                    },
                },
                indent: 0,
                span: Span {
                    start: Position {
                        column: 0,
                        line: 4,
                        index: 38,
                    },
                    stop: Position {
                        column: 8,
                        line: 6,
                        index: 65,
                    },
                },
            },
        ),
        Func(
            Func {
                name: Tagged {
                    token: Ident {
                        inner: "f",
                        span: Span {
                            start: Position {
                                column: 9,
                                line: 8,
                                index: 76,
                            },
                            stop: Position {
                                column: 10,
                                line: 8,
                                index: 77,
                            },
                        },
                    },
                    id: Id {
                        inner: 15,
                    },
                },
                parameters: [
                    Tagged {
                        token: Ident {
                            inner: "x",
                            span: Span {
                                start: Position {
                                    column: 11,
                                    line: 8,
                                    index: 78,
                                },
                                stop: Position {
                                    column: 12,
                                    line: 8,
                                    index: 79,
                                },
                            },
                        },
                        id: Id {
                            inner: 16,
                        },
                    },
                ],
                block: Block {
                    inner: Ast {
                        nodes: [
                            Expr(
                                Tagged {
                                    token: BinOp(
                                        Spanned {
                                            span: Span {
                                                start: Position {
                                                    column: 4,
                                                    line: 9,
                                                    index: 85,
                                                },
                                                stop: Position {
                                                    column: 5,
                                                    line: 9,
                                                    index: 86,
                                                },
                                            },
                                            token: Add,
                                        },
                                        Tagged {
                                            token: Ident(
                                                Tagged {
                                                    token: Ident {
                                                        inner: "x",
                                                        span: Span {
                                                            start: Position {
                                                                column: 2,
                                                                line: 9,
                                                                index: 83,
                                                            },
                                                            stop: Position {
                                                                column: 3,
                                                                line: 9,
                                                                index: 84,
                                                            },
                                                        },
                                                    },
                                                    id: Id {
                                                        inner: 16,
                                                    },
                                                },
                                            ),
                                            id: Id {
                                                inner: 17,
                                            },
                                        },
                                        Tagged {
                                            token: Literal(
                                                Spanned {
                                                    span: Span {
                                                        start: Position {
                                                            column: 6,
                                                            line: 9,
                                                            index: 87,
                                                        },
                                                        stop: Position {
                                                            column: 7,
                                                            line: 9,
                                                            index: 88,
                                                        },
                                                    },
                                                    token: Number(
                                                        Number {
                                                            int: "1",
                                                            float: None,
                                                            exp: None,
                                                        },
                                                    ),
                                                },
                                            ),
                                            id: Id {
                                                inner: 18,
                                            },
                                        },
                                    ),
                                    id: Id {
                                        inner: 19,
                                    },
                                },
                            ),
                        ],
                        indent: 2,
                    },
                },
                indent: 0,
            },
        ),
    ],
    indent: 0,
}
